[2025-03-06T16:35:55.960+0300][gc,init] CardTable entry size: 512
[2025-03-06T16:35:55.960+0300][gc     ] Using G1
[2025-03-06T16:35:55.970+0300][gc,init] Version: 21.0.5+11-Debian-1 (release)
[2025-03-06T16:35:55.970+0300][gc,init] CPUs: 4 total, 4 available
[2025-03-06T16:35:55.970+0300][gc,init] Memory: 7845M
[2025-03-06T16:35:55.970+0300][gc,init] Large Page Support: Disabled
[2025-03-06T16:35:55.970+0300][gc,init] NUMA Support: Disabled
[2025-03-06T16:35:55.970+0300][gc,init] Compressed Oops: Enabled (32-bit)
[2025-03-06T16:35:55.970+0300][gc,init] Heap Region Size: 1M
[2025-03-06T16:35:55.970+0300][gc,init] Heap Min Capacity: 1G
[2025-03-06T16:35:55.970+0300][gc,init] Heap Initial Capacity: 1G
[2025-03-06T16:35:55.970+0300][gc,init] Heap Max Capacity: 1G
[2025-03-06T16:35:55.970+0300][gc,init] Pre-touch: Disabled
[2025-03-06T16:35:55.970+0300][gc,init] Parallel Workers: 4
[2025-03-06T16:35:55.970+0300][gc,init] Concurrent Workers: 1
[2025-03-06T16:35:55.970+0300][gc,init] Concurrent Refinement Workers: 4
[2025-03-06T16:35:55.970+0300][gc,init] Periodic GC: Disabled
[2025-03-06T16:35:55.981+0300][gc,metaspace] CDS archive(s) mapped at: [0x00007f30bb000000-0x00007f30bbc97000-0x00007f30bbc97000), size 13201408, SharedBaseAddress: 0x00007f30bb000000, ArchiveRelocationMode: 1.
[2025-03-06T16:35:55.981+0300][gc,metaspace] Compressed class space mapped at: 0x00007f30bc000000-0x00007f30fc000000, reserved size: 1073741824
[2025-03-06T16:35:55.981+0300][gc,metaspace] Narrow klass base: 0x00007f30bb000000, Narrow klass shift: 0, Narrow klass range: 0x100000000
[2025-03-06T16:35:57.241+0300][gc,start    ] GC(0) Pause Young (Normal) (G1 Evacuation Pause)
[2025-03-06T16:35:57.241+0300][gc,task     ] GC(0) Using 4 workers of 4 for evacuation
[2025-03-06T16:35:57.252+0300][gc,phases   ] GC(0)   Pre Evacuate Collection Set: 0.3ms
[2025-03-06T16:35:57.252+0300][gc,phases   ] GC(0)   Merge Heap Roots: 0.1ms
[2025-03-06T16:35:57.252+0300][gc,phases   ] GC(0)   Evacuate Collection Set: 9.5ms
[2025-03-06T16:35:57.252+0300][gc,phases   ] GC(0)   Post Evacuate Collection Set: 0.6ms
[2025-03-06T16:35:57.252+0300][gc,phases   ] GC(0)   Other: 0.4ms
[2025-03-06T16:35:57.252+0300][gc,heap     ] GC(0) Eden regions: 51->0(44)
[2025-03-06T16:35:57.252+0300][gc,heap     ] GC(0) Survivor regions: 0->7(7)
[2025-03-06T16:35:57.252+0300][gc,heap     ] GC(0) Old regions: 2->3
[2025-03-06T16:35:57.252+0300][gc,heap     ] GC(0) Humongous regions: 0->0
[2025-03-06T16:35:57.252+0300][gc,metaspace] GC(0) Metaspace: 17216K(17472K)->17216K(17472K) NonClass: 15230K(15360K)->15230K(15360K) Class: 1985K(2112K)->1985K(2112K)
[2025-03-06T16:35:57.252+0300][gc          ] GC(0) Pause Young (Normal) (G1 Evacuation Pause) 52M->9M(1024M) 11.101ms
[2025-03-06T16:35:57.252+0300][gc,cpu      ] GC(0) User=0.02s Sys=0.01s Real=0.01s
[2025-03-06T16:35:57.566+0300][gc,start    ] GC(1) Pause Young (Concurrent Start) (Metadata GC Threshold)
[2025-03-06T16:35:57.566+0300][gc,task     ] GC(1) Using 4 workers of 4 for evacuation
[2025-03-06T16:35:57.581+0300][gc,phases   ] GC(1)   Pre Evacuate Collection Set: 0.3ms
[2025-03-06T16:35:57.581+0300][gc,phases   ] GC(1)   Merge Heap Roots: 0.1ms
[2025-03-06T16:35:57.581+0300][gc,phases   ] GC(1)   Evacuate Collection Set: 13.4ms
[2025-03-06T16:35:57.581+0300][gc,phases   ] GC(1)   Post Evacuate Collection Set: 0.8ms
[2025-03-06T16:35:57.581+0300][gc,phases   ] GC(1)   Other: 0.1ms
[2025-03-06T16:35:57.581+0300][gc,heap     ] GC(1) Eden regions: 15->0(49)
[2025-03-06T16:35:57.581+0300][gc,heap     ] GC(1) Survivor regions: 7->2(7)
[2025-03-06T16:35:57.581+0300][gc,heap     ] GC(1) Old regions: 3->11
[2025-03-06T16:35:57.581+0300][gc,heap     ] GC(1) Humongous regions: 0->0
[2025-03-06T16:35:57.581+0300][gc,metaspace] GC(1) Metaspace: 21295K(21504K)->21295K(21504K) NonClass: 18829K(18944K)->18829K(18944K) Class: 2466K(2560K)->2466K(2560K)
[2025-03-06T16:35:57.581+0300][gc          ] GC(1) Pause Young (Concurrent Start) (Metadata GC Threshold) 24M->10M(1024M) 14.933ms
[2025-03-06T16:35:57.581+0300][gc,cpu      ] GC(1) User=0.03s Sys=0.00s Real=0.02s
[2025-03-06T16:35:57.581+0300][gc          ] GC(2) Concurrent Mark Cycle
[2025-03-06T16:35:57.581+0300][gc,marking  ] GC(2) Concurrent Scan Root Regions
[2025-03-06T16:35:57.586+0300][gc,marking  ] GC(2) Concurrent Scan Root Regions 5.033ms
[2025-03-06T16:35:57.586+0300][gc,marking  ] GC(2) Concurrent Mark
[2025-03-06T16:35:57.586+0300][gc,marking  ] GC(2) Concurrent Mark From Roots
[2025-03-06T16:35:57.586+0300][gc,task     ] GC(2) Using 1 workers of 1 for marking
[2025-03-06T16:35:57.592+0300][gc,marking  ] GC(2) Concurrent Mark From Roots 5.772ms
[2025-03-06T16:35:57.592+0300][gc,marking  ] GC(2) Concurrent Preclean
[2025-03-06T16:35:57.592+0300][gc,marking  ] GC(2) Concurrent Preclean 0.016ms
[2025-03-06T16:35:57.592+0300][gc,start    ] GC(2) Pause Remark
[2025-03-06T16:35:57.594+0300][gc          ] GC(2) Pause Remark 11M->11M(1024M) 1.915ms
[2025-03-06T16:35:57.594+0300][gc,cpu      ] GC(2) User=0.01s Sys=0.00s Real=0.00s
[2025-03-06T16:35:57.594+0300][gc,marking  ] GC(2) Concurrent Mark 8.254ms
[2025-03-06T16:35:57.594+0300][gc,marking  ] GC(2) Concurrent Rebuild Remembered Sets and Scrub Regions
[2025-03-06T16:35:57.600+0300][gc,marking  ] GC(2) Concurrent Rebuild Remembered Sets and Scrub Regions 5.632ms
[2025-03-06T16:35:57.600+0300][gc,start    ] GC(2) Pause Cleanup
[2025-03-06T16:35:57.600+0300][gc          ] GC(2) Pause Cleanup 11M->11M(1024M) 0.196ms
[2025-03-06T16:35:57.600+0300][gc,cpu      ] GC(2) User=0.00s Sys=0.00s Real=0.00s
[2025-03-06T16:35:57.601+0300][gc,marking  ] GC(2) Concurrent Clear Claimed Marks
[2025-03-06T16:35:57.601+0300][gc,marking  ] GC(2) Concurrent Clear Claimed Marks 0.080ms
[2025-03-06T16:35:57.601+0300][gc,marking  ] GC(2) Concurrent Cleanup for Next Mark
[2025-03-06T16:35:57.607+0300][gc,marking  ] GC(2) Concurrent Cleanup for Next Mark 6.784ms
[2025-03-06T16:35:57.608+0300][gc          ] GC(2) Concurrent Mark Cycle 26.738ms
[2025-03-06T16:35:58.498+0300][gc,start    ] GC(3) Pause Young (Prepare Mixed) (G1 Evacuation Pause)
[2025-03-06T16:35:58.499+0300][gc,task     ] GC(3) Using 4 workers of 4 for evacuation
[2025-03-06T16:35:58.513+0300][gc,phases   ] GC(3)   Pre Evacuate Collection Set: 0.9ms
[2025-03-06T16:35:58.513+0300][gc,phases   ] GC(3)   Merge Heap Roots: 0.2ms
[2025-03-06T16:35:58.513+0300][gc,phases   ] GC(3)   Evacuate Collection Set: 11.2ms
[2025-03-06T16:35:58.513+0300][gc,phases   ] GC(3)   Post Evacuate Collection Set: 1.5ms
[2025-03-06T16:35:58.513+0300][gc,phases   ] GC(3)   Other: 0.2ms
[2025-03-06T16:35:58.513+0300][gc,heap     ] GC(3) Eden regions: 49->0(44)
[2025-03-06T16:35:58.513+0300][gc,heap     ] GC(3) Survivor regions: 2->7(7)
[2025-03-06T16:35:58.513+0300][gc,heap     ] GC(3) Old regions: 11->11
[2025-03-06T16:35:58.513+0300][gc,heap     ] GC(3) Humongous regions: 129->129
[2025-03-06T16:35:58.513+0300][gc,metaspace] GC(3) Metaspace: 32908K(33152K)->32908K(33152K) NonClass: 29393K(29504K)->29393K(29504K) Class: 3514K(3648K)->3514K(3648K)
[2025-03-06T16:35:58.513+0300][gc          ] GC(3) Pause Young (Prepare Mixed) (G1 Evacuation Pause) 188M->144M(1024M) 14.496ms
[2025-03-06T16:35:58.513+0300][gc,cpu      ] GC(3) User=0.04s Sys=0.00s Real=0.01s
[2025-03-06T16:35:58.725+0300][gc,start    ] GC(4) Pause Young (Mixed) (Metadata GC Threshold)
[2025-03-06T16:35:58.725+0300][gc,task     ] GC(4) Using 4 workers of 4 for evacuation
[2025-03-06T16:35:58.741+0300][gc,phases   ] GC(4)   Pre Evacuate Collection Set: 1.3ms
[2025-03-06T16:35:58.741+0300][gc,phases   ] GC(4)   Merge Heap Roots: 0.1ms
[2025-03-06T16:35:58.741+0300][gc,phases   ] GC(4)   Evacuate Collection Set: 13.6ms
[2025-03-06T16:35:58.741+0300][gc,phases   ] GC(4)   Post Evacuate Collection Set: 1.3ms
[2025-03-06T16:35:58.741+0300][gc,phases   ] GC(4)   Other: 0.1ms
[2025-03-06T16:35:58.741+0300][gc,heap     ] GC(4) Eden regions: 13->0(50)
[2025-03-06T16:35:58.741+0300][gc,heap     ] GC(4) Survivor regions: 7->1(7)
[2025-03-06T16:35:58.741+0300][gc,heap     ] GC(4) Old regions: 11->16
[2025-03-06T16:35:58.741+0300][gc,heap     ] GC(4) Humongous regions: 129->129
[2025-03-06T16:35:58.741+0300][gc,metaspace] GC(4) Metaspace: 35763K(35968K)->35763K(35968K) NonClass: 31938K(32064K)->31938K(32064K) Class: 3824K(3904K)->3824K(3904K)
[2025-03-06T16:35:58.741+0300][gc          ] GC(4) Pause Young (Mixed) (Metadata GC Threshold) 156M->145M(1024M) 16.497ms
[2025-03-06T16:35:58.741+0300][gc,cpu      ] GC(4) User=0.03s Sys=0.01s Real=0.02s
[2025-03-06T16:35:58.765+0300][gc,start    ] GC(5) Pause Young (Concurrent Start) (Metadata GC Threshold)
[2025-03-06T16:35:58.766+0300][gc,task     ] GC(5) Using 4 workers of 4 for evacuation
[2025-03-06T16:35:58.769+0300][gc,phases   ] GC(5)   Pre Evacuate Collection Set: 0.4ms
[2025-03-06T16:35:58.769+0300][gc,phases   ] GC(5)   Merge Heap Roots: 0.0ms
[2025-03-06T16:35:58.769+0300][gc,phases   ] GC(5)   Evacuate Collection Set: 2.2ms
[2025-03-06T16:35:58.769+0300][gc,phases   ] GC(5)   Post Evacuate Collection Set: 0.3ms
[2025-03-06T16:35:58.769+0300][gc,phases   ] GC(5)   Other: 0.1ms
[2025-03-06T16:35:58.769+0300][gc,heap     ] GC(5) Eden regions: 2->0(50)
[2025-03-06T16:35:58.769+0300][gc,heap     ] GC(5) Survivor regions: 1->1(7)
[2025-03-06T16:35:58.769+0300][gc,heap     ] GC(5) Old regions: 16->16
[2025-03-06T16:35:58.769+0300][gc,heap     ] GC(5) Humongous regions: 129->129
[2025-03-06T16:35:58.769+0300][gc,metaspace] GC(5) Metaspace: 36030K(36288K)->36030K(36288K) NonClass: 32156K(32320K)->32156K(32320K) Class: 3874K(3968K)->3874K(3968K)
[2025-03-06T16:35:58.769+0300][gc          ] GC(5) Pause Young (Concurrent Start) (Metadata GC Threshold) 147M->145M(1024M) 3.296ms
[2025-03-06T16:35:58.769+0300][gc,cpu      ] GC(5) User=0.01s Sys=0.00s Real=0.01s
[2025-03-06T16:35:58.772+0300][gc          ] GC(6) Concurrent Mark Cycle
[2025-03-06T16:35:58.772+0300][gc,marking  ] GC(6) Concurrent Scan Root Regions
[2025-03-06T16:35:58.776+0300][gc,marking  ] GC(6) Concurrent Scan Root Regions 3.700ms
[2025-03-06T16:35:58.776+0300][gc,marking  ] GC(6) Concurrent Mark
[2025-03-06T16:35:58.776+0300][gc,marking  ] GC(6) Concurrent Mark From Roots
[2025-03-06T16:35:58.776+0300][gc,task     ] GC(6) Using 1 workers of 1 for marking
[2025-03-06T16:35:58.831+0300][gc,marking  ] GC(6) Concurrent Mark From Roots 54.826ms
[2025-03-06T16:35:58.831+0300][gc,marking  ] GC(6) Concurrent Preclean
[2025-03-06T16:35:58.831+0300][gc,marking  ] GC(6) Concurrent Preclean 0.091ms
[2025-03-06T16:35:58.831+0300][gc,start    ] GC(6) Pause Remark
[2025-03-06T16:35:58.834+0300][gc          ] GC(6) Pause Remark 147M->147M(1024M) 2.722ms
[2025-03-06T16:35:58.834+0300][gc,cpu      ] GC(6) User=0.00s Sys=0.00s Real=0.00s
[2025-03-06T16:35:58.834+0300][gc,marking  ] GC(6) Concurrent Mark 58.034ms
[2025-03-06T16:35:58.834+0300][gc,marking  ] GC(6) Concurrent Rebuild Remembered Sets and Scrub Regions
[2025-03-06T16:35:58.849+0300][gc,marking  ] GC(6) Concurrent Rebuild Remembered Sets and Scrub Regions 15.194ms
[2025-03-06T16:35:58.850+0300][gc,start    ] GC(6) Pause Cleanup
[2025-03-06T16:35:58.850+0300][gc          ] GC(6) Pause Cleanup 147M->147M(1024M) 0.467ms
[2025-03-06T16:35:58.850+0300][gc,cpu      ] GC(6) User=0.00s Sys=0.00s Real=0.00s
[2025-03-06T16:35:58.851+0300][gc,marking  ] GC(6) Concurrent Clear Claimed Marks
[2025-03-06T16:35:58.851+0300][gc,marking  ] GC(6) Concurrent Clear Claimed Marks 0.038ms
[2025-03-06T16:35:58.851+0300][gc,marking  ] GC(6) Concurrent Cleanup for Next Mark
[2025-03-06T16:35:58.853+0300][gc,marking  ] GC(6) Concurrent Cleanup for Next Mark 1.936ms
[2025-03-06T16:35:58.853+0300][gc          ] GC(6) Concurrent Mark Cycle 80.795ms
[2025-03-06T17:48:04.335+0300][gc,start    ] GC(7) Pause Young (Prepare Mixed) (G1 Evacuation Pause)
[2025-03-06T17:48:04.336+0300][gc,task     ] GC(7) Using 4 workers of 4 for evacuation
[2025-03-06T17:48:04.345+0300][gc,phases   ] GC(7)   Pre Evacuate Collection Set: 0.8ms
[2025-03-06T17:48:04.345+0300][gc,phases   ] GC(7)   Merge Heap Roots: 0.2ms
[2025-03-06T17:48:04.345+0300][gc,phases   ] GC(7)   Evacuate Collection Set: 6.6ms
[2025-03-06T17:48:04.345+0300][gc,phases   ] GC(7)   Post Evacuate Collection Set: 1.5ms
[2025-03-06T17:48:04.345+0300][gc,phases   ] GC(7)   Other: 0.3ms
[2025-03-06T17:48:04.345+0300][gc,heap     ] GC(7) Eden regions: 50->0(48)
[2025-03-06T17:48:04.346+0300][gc,heap     ] GC(7) Survivor regions: 1->3(7)
[2025-03-06T17:48:04.346+0300][gc,heap     ] GC(7) Old regions: 16->16
[2025-03-06T17:48:04.346+0300][gc,heap     ] GC(7) Humongous regions: 129->129
[2025-03-06T17:48:04.346+0300][gc,metaspace] GC(7) Metaspace: 41138K(41600K)->41138K(41600K) NonClass: 36444K(36736K)->36444K(36736K) Class: 4693K(4864K)->4693K(4864K)
[2025-03-06T17:48:04.346+0300][gc          ] GC(7) Pause Young (Prepare Mixed) (G1 Evacuation Pause) 195M->146M(1024M) 10.338ms
[2025-03-06T17:48:04.346+0300][gc,cpu      ] GC(7) User=0.03s Sys=0.00s Real=0.01s
[2025-03-06T19:03:24.335+0300][gc,start    ] GC(8) Pause Young (Mixed) (G1 Evacuation Pause)
[2025-03-06T19:03:24.335+0300][gc,task     ] GC(8) Using 4 workers of 4 for evacuation
[2025-03-06T19:03:24.351+0300][gc,phases   ] GC(8)   Pre Evacuate Collection Set: 1.1ms
[2025-03-06T19:03:24.351+0300][gc,phases   ] GC(8)   Merge Heap Roots: 0.3ms
[2025-03-06T19:03:24.351+0300][gc,phases   ] GC(8)   Evacuate Collection Set: 12.3ms
[2025-03-06T19:03:24.351+0300][gc,phases   ] GC(8)   Post Evacuate Collection Set: 1.4ms
[2025-03-06T19:03:24.351+0300][gc,phases   ] GC(8)   Other: 0.2ms
[2025-03-06T19:03:24.351+0300][gc,heap     ] GC(8) Eden regions: 48->0(49)
[2025-03-06T19:03:24.351+0300][gc,heap     ] GC(8) Survivor regions: 3->2(7)
[2025-03-06T19:03:24.351+0300][gc,heap     ] GC(8) Old regions: 16->16
[2025-03-06T19:03:24.351+0300][gc,heap     ] GC(8) Humongous regions: 129->129
[2025-03-06T19:03:24.351+0300][gc,metaspace] GC(8) Metaspace: 41389K(41856K)->41389K(41856K) NonClass: 36695K(36992K)->36695K(36992K) Class: 4694K(4864K)->4694K(4864K)
[2025-03-06T19:03:24.351+0300][gc          ] GC(8) Pause Young (Mixed) (G1 Evacuation Pause) 194M->146M(1024M) 15.820ms
[2025-03-06T19:03:24.351+0300][gc,cpu      ] GC(8) User=0.05s Sys=0.00s Real=0.02s
[2025-03-06T20:21:14.335+0300][gc,start    ] GC(9) Pause Young (Normal) (G1 Evacuation Pause)
[2025-03-06T20:21:14.335+0300][gc,task     ] GC(9) Using 4 workers of 4 for evacuation
[2025-03-06T20:21:14.341+0300][gc,phases   ] GC(9)   Pre Evacuate Collection Set: 0.3ms
[2025-03-06T20:21:14.341+0300][gc,phases   ] GC(9)   Merge Heap Roots: 0.0ms
[2025-03-06T20:21:14.341+0300][gc,phases   ] GC(9)   Evacuate Collection Set: 4.1ms
[2025-03-06T20:21:14.341+0300][gc,phases   ] GC(9)   Post Evacuate Collection Set: 1.0ms
[2025-03-06T20:21:14.341+0300][gc,phases   ] GC(9)   Other: 0.1ms
[2025-03-06T20:21:14.341+0300][gc,heap     ] GC(9) Eden regions: 49->0(49)
[2025-03-06T20:21:14.341+0300][gc,heap     ] GC(9) Survivor regions: 2->2(7)
[2025-03-06T20:21:14.341+0300][gc,heap     ] GC(9) Old regions: 16->16
[2025-03-06T20:21:14.341+0300][gc,heap     ] GC(9) Humongous regions: 129->129
[2025-03-06T20:21:14.341+0300][gc,metaspace] GC(9) Metaspace: 41440K(41920K)->41440K(41920K) NonClass: 36746K(37056K)->36746K(37056K) Class: 4694K(4864K)->4694K(4864K)
[2025-03-06T20:21:14.341+0300][gc          ] GC(9) Pause Young (Normal) (G1 Evacuation Pause) 195M->146M(1024M) 6.012ms
[2025-03-06T20:21:14.341+0300][gc,cpu      ] GC(9) User=0.01s Sys=0.00s Real=0.01s
[2025-03-06T21:39:24.335+0300][gc,start    ] GC(10) Pause Young (Normal) (G1 Evacuation Pause)
[2025-03-06T21:39:24.335+0300][gc,task     ] GC(10) Using 4 workers of 4 for evacuation
[2025-03-06T21:39:24.345+0300][gc,phases   ] GC(10)   Pre Evacuate Collection Set: 0.6ms
[2025-03-06T21:39:24.345+0300][gc,phases   ] GC(10)   Merge Heap Roots: 0.2ms
[2025-03-06T21:39:24.345+0300][gc,phases   ] GC(10)   Evacuate Collection Set: 7.8ms
[2025-03-06T21:39:24.345+0300][gc,phases   ] GC(10)   Post Evacuate Collection Set: 1.1ms
[2025-03-06T21:39:24.345+0300][gc,phases   ] GC(10)   Other: 0.2ms
[2025-03-06T21:39:24.345+0300][gc,heap     ] GC(10) Eden regions: 49->0(49)
[2025-03-06T21:39:24.345+0300][gc,heap     ] GC(10) Survivor regions: 2->2(7)
[2025-03-06T21:39:24.345+0300][gc,heap     ] GC(10) Old regions: 16->16
[2025-03-06T21:39:24.345+0300][gc,heap     ] GC(10) Humongous regions: 129->129
[2025-03-06T21:39:24.345+0300][gc,metaspace] GC(10) Metaspace: 41498K(41920K)->41498K(41920K) NonClass: 36803K(37056K)->36803K(37056K) Class: 4694K(4864K)->4694K(4864K)
[2025-03-06T21:39:24.345+0300][gc          ] GC(10) Pause Young (Normal) (G1 Evacuation Pause) 195M->146M(1024M) 10.363ms
[2025-03-06T21:39:24.346+0300][gc,cpu      ] GC(10) User=0.03s Sys=0.00s Real=0.01s
[2025-03-06T22:58:16.411+0300][gc,start    ] GC(11) Pause Young (Normal) (G1 Evacuation Pause)
[2025-03-06T22:58:16.411+0300][gc,task     ] GC(11) Using 4 workers of 4 for evacuation
[2025-03-06T22:58:16.419+0300][gc,phases   ] GC(11)   Pre Evacuate Collection Set: 0.9ms
[2025-03-06T22:58:16.419+0300][gc,phases   ] GC(11)   Merge Heap Roots: 0.5ms
[2025-03-06T22:58:16.419+0300][gc,phases   ] GC(11)   Evacuate Collection Set: 5.6ms
[2025-03-06T22:58:16.419+0300][gc,phases   ] GC(11)   Post Evacuate Collection Set: 0.6ms
[2025-03-06T22:58:16.419+0300][gc,phases   ] GC(11)   Other: 0.1ms
[2025-03-06T22:58:16.419+0300][gc,heap     ] GC(11) Eden regions: 49->0(49)
[2025-03-06T22:58:16.419+0300][gc,heap     ] GC(11) Survivor regions: 2->2(7)
[2025-03-06T22:58:16.419+0300][gc,heap     ] GC(11) Old regions: 16->16
[2025-03-06T22:58:16.419+0300][gc,heap     ] GC(11) Humongous regions: 129->129
[2025-03-06T22:58:16.419+0300][gc,metaspace] GC(11) Metaspace: 41512K(41920K)->41512K(41920K) NonClass: 36817K(37056K)->36817K(37056K) Class: 4694K(4864K)->4694K(4864K)
[2025-03-06T22:58:16.419+0300][gc          ] GC(11) Pause Young (Normal) (G1 Evacuation Pause) 195M->146M(1024M) 7.969ms
[2025-03-06T22:58:16.419+0300][gc,cpu      ] GC(11) User=0.02s Sys=0.00s Real=0.01s
[2025-03-07T00:13:26.945+0300][gc,start    ] GC(12) Pause Young (Normal) (G1 Evacuation Pause)
[2025-03-07T00:13:26.945+0300][gc,task     ] GC(12) Using 4 workers of 4 for evacuation
[2025-03-07T00:13:26.950+0300][gc,phases   ] GC(12)   Pre Evacuate Collection Set: 0.3ms
[2025-03-07T00:13:26.950+0300][gc,phases   ] GC(12)   Merge Heap Roots: 0.1ms
[2025-03-07T00:13:26.950+0300][gc,phases   ] GC(12)   Evacuate Collection Set: 3.6ms
[2025-03-07T00:13:26.950+0300][gc,phases   ] GC(12)   Post Evacuate Collection Set: 0.4ms
[2025-03-07T00:13:26.950+0300][gc,phases   ] GC(12)   Other: 0.1ms
[2025-03-07T00:13:26.950+0300][gc,heap     ] GC(12) Eden regions: 49->0(48)
[2025-03-07T00:13:26.950+0300][gc,heap     ] GC(12) Survivor regions: 2->3(7)
[2025-03-07T00:13:26.950+0300][gc,heap     ] GC(12) Old regions: 16->16
[2025-03-07T00:13:26.950+0300][gc,heap     ] GC(12) Humongous regions: 129->129
[2025-03-07T00:13:26.950+0300][gc,metaspace] GC(12) Metaspace: 42048K(42560K)->42048K(42560K) NonClass: 37266K(37568K)->37266K(37568K) Class: 4782K(4992K)->4782K(4992K)
[2025-03-07T00:13:26.950+0300][gc          ] GC(12) Pause Young (Normal) (G1 Evacuation Pause) 195M->146M(1024M) 4.692ms
[2025-03-07T00:13:26.950+0300][gc,cpu      ] GC(12) User=0.01s Sys=0.00s Real=0.01s
[2025-03-07T01:22:26.369+0300][gc,start    ] GC(13) Pause Young (Normal) (G1 Evacuation Pause)
[2025-03-07T01:22:26.369+0300][gc,task     ] GC(13) Using 4 workers of 4 for evacuation
[2025-03-07T01:22:26.374+0300][gc,phases   ] GC(13)   Pre Evacuate Collection Set: 0.4ms
[2025-03-07T01:22:26.374+0300][gc,phases   ] GC(13)   Merge Heap Roots: 0.1ms
[2025-03-07T01:22:26.374+0300][gc,phases   ] GC(13)   Evacuate Collection Set: 4.0ms
[2025-03-07T01:22:26.374+0300][gc,phases   ] GC(13)   Post Evacuate Collection Set: 0.6ms
[2025-03-07T01:22:26.374+0300][gc,phases   ] GC(13)   Other: 0.1ms
[2025-03-07T01:22:26.374+0300][gc,heap     ] GC(13) Eden regions: 48->0(68)
[2025-03-07T01:22:26.374+0300][gc,heap     ] GC(13) Survivor regions: 3->3(7)
[2025-03-07T01:22:26.374+0300][gc,heap     ] GC(13) Old regions: 16->16
[2025-03-07T01:22:26.374+0300][gc,heap     ] GC(13) Humongous regions: 129->129
[2025-03-07T01:22:26.374+0300][gc,metaspace] GC(13) Metaspace: 42636K(43136K)->42636K(43136K) NonClass: 37769K(38080K)->37769K(38080K) Class: 4866K(5056K)->4866K(5056K)
[2025-03-07T01:22:26.374+0300][gc          ] GC(13) Pause Young (Normal) (G1 Evacuation Pause) 194M->147M(1024M) 5.633ms
[2025-03-07T01:22:26.374+0300][gc,cpu      ] GC(13) User=0.02s Sys=0.00s Real=0.00s
[2025-03-07T01:52:22.078+0300][gc,start    ] GC(14) Pause Young (Normal) (G1 Evacuation Pause)
[2025-03-07T01:52:22.079+0300][gc,task     ] GC(14) Using 4 workers of 4 for evacuation
[2025-03-07T01:52:22.085+0300][gc,phases   ] GC(14)   Pre Evacuate Collection Set: 0.2ms
[2025-03-07T01:52:22.085+0300][gc,phases   ] GC(14)   Merge Heap Roots: 0.1ms
[2025-03-07T01:52:22.085+0300][gc,phases   ] GC(14)   Evacuate Collection Set: 5.1ms
[2025-03-07T01:52:22.085+0300][gc,phases   ] GC(14)   Post Evacuate Collection Set: 0.6ms
[2025-03-07T01:52:22.085+0300][gc,phases   ] GC(14)   Other: 0.1ms
[2025-03-07T01:52:22.085+0300][gc,heap     ] GC(14) Eden regions: 66->0(144)
[2025-03-07T01:52:22.085+0300][gc,heap     ] GC(14) Survivor regions: 3->4(9)
[2025-03-07T01:52:22.085+0300][gc,heap     ] GC(14) Old regions: 16->16
[2025-03-07T01:52:22.085+0300][gc,heap     ] GC(14) Humongous regions: 129->129
[2025-03-07T01:52:22.085+0300][gc,metaspace] GC(14) Metaspace: 43409K(43968K)->43409K(43968K) NonClass: 38533K(38848K)->38533K(38848K) Class: 4875K(5120K)->4875K(5120K)
[2025-03-07T01:52:22.085+0300][gc          ] GC(14) Pause Young (Normal) (G1 Evacuation Pause) 213M->148M(1024M) 6.742ms
[2025-03-07T01:52:22.085+0300][gc,cpu      ] GC(14) User=0.02s Sys=0.00s Real=0.00s
[2025-03-07T02:28:44.032+0300][gc,heap,exit] Heap
[2025-03-07T02:28:44.034+0300][gc,heap,exit]  garbage-first heap   total 1048576K, used 251161K [0x00000000c0000000, 0x0000000100000000)
[2025-03-07T02:28:44.034+0300][gc,heap,exit]   region size 1024K, 101 young (103424K), 4 survivors (4096K)
[2025-03-07T02:28:44.034+0300][gc,heap,exit]  Metaspace       used 44322K, committed 44928K, reserved 1114112K
[2025-03-07T02:28:44.034+0300][gc,heap,exit]   class space    used 5056K, committed 5312K, reserved 1048576K
