[2025-03-06T16:32:32.227+0300][gc,init] CardTable entry size: 512
[2025-03-06T16:32:32.227+0300][gc     ] Using G1
[2025-03-06T16:32:32.232+0300][gc,init] Version: 21.0.5+11-Debian-1 (release)
[2025-03-06T16:32:32.232+0300][gc,init] CPUs: 4 total, 4 available
[2025-03-06T16:32:32.232+0300][gc,init] Memory: 7845M
[2025-03-06T16:32:32.232+0300][gc,init] Large Page Support: Disabled
[2025-03-06T16:32:32.232+0300][gc,init] NUMA Support: Disabled
[2025-03-06T16:32:32.232+0300][gc,init] Compressed Oops: Enabled (32-bit)
[2025-03-06T16:32:32.232+0300][gc,init] Heap Region Size: 1M
[2025-03-06T16:32:32.232+0300][gc,init] Heap Min Capacity: 512M
[2025-03-06T16:32:32.232+0300][gc,init] Heap Initial Capacity: 512M
[2025-03-06T16:32:32.232+0300][gc,init] Heap Max Capacity: 512M
[2025-03-06T16:32:32.232+0300][gc,init] Pre-touch: Disabled
[2025-03-06T16:32:32.232+0300][gc,init] Parallel Workers: 4
[2025-03-06T16:32:32.232+0300][gc,init] Concurrent Workers: 1
[2025-03-06T16:32:32.232+0300][gc,init] Concurrent Refinement Workers: 4
[2025-03-06T16:32:32.232+0300][gc,init] Periodic GC: Disabled
[2025-03-06T16:32:32.242+0300][gc,metaspace] CDS archive(s) mapped at: [0x00007f0c6b000000-0x00007f0c6bc97000-0x00007f0c6bc97000), size 13201408, SharedBaseAddress: 0x00007f0c6b000000, ArchiveRelocationMode: 1.
[2025-03-06T16:32:32.242+0300][gc,metaspace] Compressed class space mapped at: 0x00007f0c6c000000-0x00007f0cac000000, reserved size: 1073741824
[2025-03-06T16:32:32.242+0300][gc,metaspace] Narrow klass base: 0x00007f0c6b000000, Narrow klass shift: 0, Narrow klass range: 0x100000000
[2025-03-06T16:32:33.101+0300][gc,start    ] GC(0) Pause Young (Normal) (G1 Evacuation Pause)
[2025-03-06T16:32:33.102+0300][gc,task     ] GC(0) Using 4 workers of 4 for evacuation
[2025-03-06T16:32:33.115+0300][gc,phases   ] GC(0)   Pre Evacuate Collection Set: 1.1ms
[2025-03-06T16:32:33.115+0300][gc,phases   ] GC(0)   Merge Heap Roots: 0.2ms
[2025-03-06T16:32:33.115+0300][gc,phases   ] GC(0)   Evacuate Collection Set: 11.5ms
[2025-03-06T16:32:33.115+0300][gc,phases   ] GC(0)   Post Evacuate Collection Set: 0.5ms
[2025-03-06T16:32:33.115+0300][gc,phases   ] GC(0)   Other: 1.1ms
[2025-03-06T16:32:33.115+0300][gc,heap     ] GC(0) Eden regions: 25->0(21)
[2025-03-06T16:32:33.115+0300][gc,heap     ] GC(0) Survivor regions: 0->4(4)
[2025-03-06T16:32:33.115+0300][gc,heap     ] GC(0) Old regions: 2->6
[2025-03-06T16:32:33.115+0300][gc,heap     ] GC(0) Humongous regions: 0->0
[2025-03-06T16:32:33.115+0300][gc,metaspace] GC(0) Metaspace: 8019K(8192K)->8019K(8192K) NonClass: 7191K(7296K)->7191K(7296K) Class: 827K(896K)->827K(896K)
[2025-03-06T16:32:33.115+0300][gc          ] GC(0) Pause Young (Normal) (G1 Evacuation Pause) 26M->8M(512M) 14.650ms
[2025-03-06T16:32:33.115+0300][gc,cpu      ] GC(0) User=0.01s Sys=0.02s Real=0.01s
[2025-03-06T22:06:33.433+0300][gc,start    ] GC(1) Pause Young (Normal) (G1 Evacuation Pause)
[2025-03-06T22:06:33.433+0300][gc,task     ] GC(1) Using 4 workers of 4 for evacuation
[2025-03-06T22:06:33.439+0300][gc,phases   ] GC(1)   Pre Evacuate Collection Set: 0.2ms
[2025-03-06T22:06:33.439+0300][gc,phases   ] GC(1)   Merge Heap Roots: 0.1ms
[2025-03-06T22:06:33.439+0300][gc,phases   ] GC(1)   Evacuate Collection Set: 5.1ms
[2025-03-06T22:06:33.439+0300][gc,phases   ] GC(1)   Post Evacuate Collection Set: 0.4ms
[2025-03-06T22:06:33.439+0300][gc,phases   ] GC(1)   Other: 0.1ms
[2025-03-06T22:06:33.439+0300][gc,heap     ] GC(1) Eden regions: 21->0(24)
[2025-03-06T22:06:33.439+0300][gc,heap     ] GC(1) Survivor regions: 4->1(4)
[2025-03-06T22:06:33.439+0300][gc,heap     ] GC(1) Old regions: 6->11
[2025-03-06T22:06:33.439+0300][gc,heap     ] GC(1) Humongous regions: 0->0
[2025-03-06T22:06:33.439+0300][gc,metaspace] GC(1) Metaspace: 9541K(9728K)->9541K(9728K) NonClass: 8589K(8704K)->8589K(8704K) Class: 951K(1024K)->951K(1024K)
[2025-03-06T22:06:33.439+0300][gc          ] GC(1) Pause Young (Normal) (G1 Evacuation Pause) 29M->9M(512M) 6.645ms
[2025-03-06T22:06:33.439+0300][gc,cpu      ] GC(1) User=0.01s Sys=0.01s Real=0.01s
[2025-03-07T02:28:43.519+0300][gc,heap,exit] Heap
[2025-03-07T02:28:43.521+0300][gc,heap,exit]  garbage-first heap   total 524288K, used 23320K [0x00000000e0000000, 0x0000000100000000)
[2025-03-07T02:28:43.521+0300][gc,heap,exit]   region size 1024K, 15 young (15360K), 1 survivors (1024K)
[2025-03-07T02:28:43.521+0300][gc,heap,exit]  Metaspace       used 9559K, committed 9728K, reserved 1114112K
[2025-03-07T02:28:43.521+0300][gc,heap,exit]   class space    used 952K, committed 1024K, reserved 1048576K
